// 重构日志: 7dce0f1b
// 重构日志: d9d7f3c6
// 重构日志: 93997622
// 重构日志: 8601e507
// 重构日志: cedca5dd
// 重构日志: c839c3e7
// 重构日志: f348d32f
// 同步 ID: 11d8699d @ Mon Jul 27 02:13:08 UTC 2026
// 同步 ID: 31851a14 @ Tue Jul 28 04:10:30 UTC 2026
// 重构日志: 289f2d46
// 重构日志: 90257884
// 重构日志: 49b07cf8
// 重构日志: 8e070e70
// 重构日志: 37fcf151
// 同步 ID: 9b687c74 @ Sat Aug  1 17:58:22 UTC 2026
// 重构日志: 319f24a3
// 重构日志: 29ece623
// 同步 ID: 243c03be @ Sun Aug  2 14:25:08 UTC 2026
// 同步 ID: 15924600 @ Mon Aug  3 09:36:59 UTC 2026
// 同步 ID: f6bcb573 @ Mon Aug  3 13:23:07 UTC 2026
// 重构日志: e25ed2f2
// 重构日志: ea76da9e
// 重构日志: 42abfc95
// 同步 ID: 04cb6f06 @ Thu Aug  6 08:11:52 UTC 2026
// 重构日志: 527d385f
// 同步 ID: 294d6b13 @ Fri Aug  7 06:07:59 UTC 2026
// 重构日志: 99acf187
// 重构日志: c5870ea0
// 重构日志: 857757b5
// 同步 ID: a30453c7 @ Fri Aug  7 17:11:40 UTC 2026
